exports[`datafields can be toggled 1`] = `
Object {
  "amt": Field {
    "_aggregatefunc": [Function],
    "_formatfunc": [Function],
    "aggregateFuncName": "whatever",
    "caption": "Amount",
    "code": "amt",
    "columnSettings": Field {
      "_formatfunc": [Function],
      "aggregateFuncName": null,
      "caption": undefined,
      "code": undefined,
      "name": "amt",
      "sort": SortConfig {
        "customfunc": undefined,
        "order": null,
      },
      "subTotal": SubTotalConfig {
        "collapsed": undefined,
        "collapsible": undefined,
        "visible": undefined,
      },
    },
    "dataSettings": Field {
      "_formatfunc": [Function],
      "aggregateFuncName": null,
      "caption": undefined,
      "code": undefined,
      "name": "amt",
      "sort": SortConfig {
        "customfunc": undefined,
        "order": null,
      },
      "subTotal": SubTotalConfig {
        "collapsed": undefined,
        "collapsible": undefined,
        "visible": undefined,
      },
    },
    "name": "amt",
    "rowSettings": Field {
      "_formatfunc": [Function],
      "aggregateFuncName": null,
      "caption": undefined,
      "code": undefined,
      "name": "amt",
      "sort": SortConfig {
        "customfunc": undefined,
        "order": null,
      },
      "subTotal": SubTotalConfig {
        "collapsed": undefined,
        "collapsible": undefined,
        "visible": undefined,
      },
    },
    "sort": SortConfig {
      "customfunc": undefined,
      "order": null,
    },
    "subTotal": SubTotalConfig {
      "collapsed": undefined,
      "collapsible": undefined,
      "visible": undefined,
    },
  },
  "qty": Object {
    "_aggregatefunc": [Function],
    "_formatfunc": [Function],
    "activated": false,
    "aggregateFuncName": "sum",
    "caption": "Quantity",
    "code": "qty",
    "columnSettings": Field {
      "_formatfunc": [Function],
      "aggregateFuncName": null,
      "caption": undefined,
      "code": undefined,
      "name": "qty",
      "sort": SortConfig {
        "customfunc": undefined,
        "order": null,
      },
      "subTotal": SubTotalConfig {
        "collapsed": undefined,
        "collapsible": undefined,
        "visible": undefined,
      },
    },
    "dataSettings": Field {
      "_formatfunc": [Function],
      "aggregateFuncName": null,
      "caption": undefined,
      "code": undefined,
      "name": "qty",
      "sort": SortConfig {
        "customfunc": undefined,
        "order": null,
      },
      "subTotal": SubTotalConfig {
        "collapsed": undefined,
        "collapsible": undefined,
        "visible": undefined,
      },
    },
    "name": "qty",
    "rowSettings": Field {
      "_formatfunc": [Function],
      "aggregateFuncName": null,
      "caption": undefined,
      "code": undefined,
      "name": "qty",
      "sort": SortConfig {
        "customfunc": undefined,
        "order": null,
      },
      "subTotal": SubTotalConfig {
        "collapsed": undefined,
        "collapsible": undefined,
        "visible": undefined,
      },
    },
    "sort": SortConfig {
      "customfunc": undefined,
      "order": null,
    },
    "subTotal": SubTotalConfig {
      "collapsed": undefined,
      "collapsible": undefined,
      "visible": undefined,
    },
  },
}
`;
