exports[`actions move field from row to column 1`] = `
<div
  style={
    Object {
      "borderCollapse": "separate",
      "borderSpacing": 0,
    }
  }>
  <div>
    <div
      style={
        Object {
          "alignItems": "center",
          "display": "flex",
        }
      }>
      <div
        style={
          Object {
            "padding": "7px 4px",
          }
        }>
        Fields
      </div>
      <div
        style={
          Object {
            "padding": "7px 4px",
          }
        }>
        <div
          style={
            Object {
              "border": "dotted rgba(91, 192, 222, 0.7)",
              "borderRadius": 10,
              "display": "flex",
              "minHeight": "24px",
              "minWidth": "67px",
            }
          } />
      </div>
    </div>
    <div
      style={
        Object {
          "alignItems": "center",
          "display": "flex",
        }
      }>
      <div
        style={
          Object {
            "padding": "7px 4px",
          }
        }>
        Columns
      </div>
      <div
        style={
          Object {
            "padding": "7px 4px",
          }
        }>
        <div
          style={
            Object {
              "border": "dotted rgba(91, 192, 222, 0.7)",
              "borderRadius": 10,
              "display": "flex",
              "minHeight": "24px",
              "minWidth": "67px",
            }
          }>
          <div>
            <div
              className="drp-indic drp-indic-first"
              style={
                Object {
                  "height": "100%",
                  "width": "0.5em",
                }
              } />
          </div>
          <div>
            <div
              id="Titi">
              <div
                style={
                  Object {
                    "backgroundColor": "#5bc0de",
                    "border": "none",
                    "borderRadius": 4,
                    "cursor": "default",
                    "display": "flex",
                    "justifyContent": "space-between",
                    "marginBottom": "0.2em",
                    "marginTop": "0.2em",
                    "opacity": 1,
                    "outline": "none",
                    "padding": "0.2em",
                    "width": "",
                  }
                }>
                <div
                  onClick={[Function]}>
                  Titi
                </div>
                <button
                  onClick={[Function]}
                  style={
                    Object {
                      "background": "url(data:image/png;base64,iVBORw0KGgoAAAANSUhEUgAAAAsAAAALCAYAAACprHcmAAAAMUlEQVQYlWP4//9/I7GYgSzFDHgAVsX/sQCsirFpQFaI1c0wDegKB0AxeihQFs7EYAAT8WYwzt7jxgAAAABJRU5ErkJggg==) no-repeat 0px 0px",
                      "border": "none",
                      "height": 11,
                      "marginLeft": "0.5em",
                      "outline": "none",
                      "width": 11,
                    }
                  } />
              </div>
            </div>
          </div>
          <div>
            <div
              className="drp-indic"
              style={
                Object {
                  "height": "100%",
                  "width": "0.5em",
                }
              } />
          </div>
          <div>
            <div
              id="Tutu">
              <div
                style={
                  Object {
                    "backgroundColor": "#5bc0de",
                    "border": "none",
                    "borderRadius": 4,
                    "cursor": "default",
                    "display": "flex",
                    "justifyContent": "space-between",
                    "marginBottom": "0.2em",
                    "marginTop": "0.2em",
                    "opacity": 1,
                    "outline": "none",
                    "padding": "0.2em",
                    "width": "",
                  }
                }>
                <div
                  onClick={[Function]}>
                  Tutu
                </div>
                <button
                  onClick={[Function]}
                  style={
                    Object {
                      "background": "url(data:image/png;base64,iVBORw0KGgoAAAANSUhEUgAAAAsAAAALCAYAAACprHcmAAAAMUlEQVQYlWP4//9/I7GYgSzFDHgAVsX/sQCsirFpQFaI1c0wDegKB0AxeihQFs7EYAAT8WYwzt7jxgAAAABJRU5ErkJggg==) no-repeat 0px 0px",
                      "border": "none",
                      "height": 11,
                      "marginLeft": "0.5em",
                      "outline": "none",
                      "width": 11,
                    }
                  } />
              </div>
            </div>
          </div>
          <div>
            <div
              className="drp-indic drp-indic-last"
              style={
                Object {
                  "height": "100%",
                  "width": "0.5em",
                }
              } />
          </div>
        </div>
      </div>
    </div>
    <div
      style={
        Object {
          "alignItems": "center",
          "display": "flex",
        }
      }>
      <div
        style={
          Object {
            "padding": "7px 4px",
          }
        }>
        Rows
      </div>
      <div
        style={
          Object {
            "padding": "7px 4px",
          }
        }>
        <div
          style={
            Object {
              "border": "dotted rgba(91, 192, 222, 0.7)",
              "borderRadius": 10,
              "display": "flex",
              "minHeight": "24px",
              "minWidth": "67px",
            }
          }>
          <div>
            <div
              className="drp-indic drp-indic-first"
              style={
                Object {
                  "height": "100%",
                  "width": "0.5em",
                }
              } />
          </div>
          <div>
            <div
              id="Toto">
              <div
                style={
                  Object {
                    "backgroundColor": "#5bc0de",
                    "border": "none",
                    "borderRadius": 4,
                    "cursor": "default",
                    "display": "flex",
                    "justifyContent": "space-between",
                    "marginBottom": "0.2em",
                    "marginTop": "0.2em",
                    "opacity": 1,
                    "outline": "none",
                    "padding": "0.2em",
                    "width": "",
                  }
                }>
                <div
                  onClick={[Function]}>
                  Toto
                </div>
                <button
                  onClick={[Function]}
                  style={
                    Object {
                      "background": "url(data:image/png;base64,iVBORw0KGgoAAAANSUhEUgAAAAsAAAALCAYAAACprHcmAAAAMUlEQVQYlWP4//9/I7GYgSzFDHgAVsX/sQCsirFpQFaI1c0wDegKB0AxeihQFs7EYAAT8WYwzt7jxgAAAABJRU5ErkJggg==) no-repeat 0px 0px",
                      "border": "none",
                      "height": 11,
                      "marginLeft": "0.5em",
                      "outline": "none",
                      "width": 11,
                    }
                  } />
              </div>
            </div>
          </div>
          <div>
            <div
              className="drp-indic drp-indic-last"
              style={
                Object {
                  "height": "100%",
                  "width": "0.5em",
                }
              } />
          </div>
        </div>
      </div>
    </div>
  </div>
  <div
    style={
      Object {
        "alignItems": "center",
        "display": "flex",
      }
    }>
    <div
      style={
        Object {
          "padding": "7px 4px",
        }
      }>
      <div>
        Data
      </div>
    </div>
    <div
      style={
        Object {
          "padding": "7px 4px",
        }
      }>
      <div
        style={
          Object {
            "display": "flex",
          }
        }>
        <div
          style={
            Object {
              "padding": "0px 4px",
            }
          }>
          <button
            className="Orb-datafield-button"
            onClick={[Function]}
            style={
              Object {
                "backgroundColor": "white",
                "border": "solid #cccccc 1px",
                "borderRadius": 4,
                "cursor": "default",
                "fontSize": "medium",
                "outline": "none",
                "padding": 4,
              }
            }>
            Quantity
            <small>
               (sum) 
            </small>
          </button>
        </div>
        <div
          style={
            Object {
              "padding": "0px 4px",
            }
          }>
          <button
            className="Orb-datafield-button"
            onClick={[Function]}
            style={
              Object {
                "backgroundColor": "#cccccc",
                "border": "solid #cccccc 1px",
                "borderRadius": 4,
                "cursor": "default",
                "fontSize": "medium",
                "outline": "none",
                "padding": 4,
              }
            }>
            Amount
            <small>
               (whatever) 
            </small>
          </button>
        </div>
      </div>
    </div>
  </div>
</div>
`;

exports[`actions move field from row to reserve 1`] = `
<div
  style={
    Object {
      "borderCollapse": "separate",
      "borderSpacing": 0,
    }
  }>
  <div>
    <div
      style={
        Object {
          "alignItems": "center",
          "display": "flex",
        }
      }>
      <div
        style={
          Object {
            "padding": "7px 4px",
          }
        }>
        Fields
      </div>
      <div
        style={
          Object {
            "padding": "7px 4px",
          }
        }>
        <div
          style={
            Object {
              "border": "dotted rgba(91, 192, 222, 0.7)",
              "borderRadius": 10,
              "display": "flex",
              "minHeight": "24px",
              "minWidth": "67px",
            }
          }>
          <div>
            <div
              className="drp-indic drp-indic-first"
              style={
                Object {
                  "height": "100%",
                  "width": "0.5em",
                }
              } />
          </div>
          <div>
            <div
              id="Toto">
              <div
                style={
                  Object {
                    "backgroundColor": "#5bc0de",
                    "border": "none",
                    "borderRadius": 4,
                    "cursor": "default",
                    "display": "flex",
                    "justifyContent": "space-between",
                    "marginBottom": "0.2em",
                    "marginTop": "0.2em",
                    "opacity": 1,
                    "outline": "none",
                    "padding": "0.2em",
                    "width": "",
                  }
                }>
                <div
                  onClick={[Function]}>
                  Toto
                </div>
                <button
                  onClick={[Function]}
                  style={
                    Object {
                      "background": "url(data:image/png;base64,iVBORw0KGgoAAAANSUhEUgAAAAsAAAALCAYAAACprHcmAAAAMUlEQVQYlWP4//9/I7GYgSzFDHgAVsX/sQCsirFpQFaI1c0wDegKB0AxeihQFs7EYAAT8WYwzt7jxgAAAABJRU5ErkJggg==) no-repeat 0px 0px",
                      "border": "none",
                      "height": 11,
                      "marginLeft": "0.5em",
                      "outline": "none",
                      "width": 11,
                    }
                  } />
              </div>
            </div>
          </div>
          <div>
            <div
              className="drp-indic drp-indic-last"
              style={
                Object {
                  "height": "100%",
                  "width": "0.5em",
                }
              } />
          </div>
        </div>
      </div>
    </div>
    <div
      style={
        Object {
          "alignItems": "center",
          "display": "flex",
        }
      }>
      <div
        style={
          Object {
            "padding": "7px 4px",
          }
        }>
        Columns
      </div>
      <div
        style={
          Object {
            "padding": "7px 4px",
          }
        }>
        <div
          style={
            Object {
              "border": "dotted rgba(91, 192, 222, 0.7)",
              "borderRadius": 10,
              "display": "flex",
              "minHeight": "24px",
              "minWidth": "67px",
            }
          }>
          <div>
            <div
              className="drp-indic drp-indic-first"
              style={
                Object {
                  "height": "100%",
                  "width": "0.5em",
                }
              } />
          </div>
          <div>
            <div
              id="Titi">
              <div
                style={
                  Object {
                    "backgroundColor": "#5bc0de",
                    "border": "none",
                    "borderRadius": 4,
                    "cursor": "default",
                    "display": "flex",
                    "justifyContent": "space-between",
                    "marginBottom": "0.2em",
                    "marginTop": "0.2em",
                    "opacity": 1,
                    "outline": "none",
                    "padding": "0.2em",
                    "width": "",
                  }
                }>
                <div
                  onClick={[Function]}>
                  Titi
                </div>
                <button
                  onClick={[Function]}
                  style={
                    Object {
                      "background": "url(data:image/png;base64,iVBORw0KGgoAAAANSUhEUgAAAAsAAAALCAYAAACprHcmAAAAMUlEQVQYlWP4//9/I7GYgSzFDHgAVsX/sQCsirFpQFaI1c0wDegKB0AxeihQFs7EYAAT8WYwzt7jxgAAAABJRU5ErkJggg==) no-repeat 0px 0px",
                      "border": "none",
                      "height": 11,
                      "marginLeft": "0.5em",
                      "outline": "none",
                      "width": 11,
                    }
                  } />
              </div>
            </div>
          </div>
          <div>
            <div
              className="drp-indic drp-indic-last"
              style={
                Object {
                  "height": "100%",
                  "width": "0.5em",
                }
              } />
          </div>
        </div>
      </div>
    </div>
    <div
      style={
        Object {
          "alignItems": "center",
          "display": "flex",
        }
      }>
      <div
        style={
          Object {
            "padding": "7px 4px",
          }
        }>
        Rows
      </div>
      <div
        style={
          Object {
            "padding": "7px 4px",
          }
        }>
        <div
          style={
            Object {
              "border": "dotted rgba(91, 192, 222, 0.7)",
              "borderRadius": 10,
              "display": "flex",
              "minHeight": "24px",
              "minWidth": "67px",
            }
          }>
          <div>
            <div
              className="drp-indic drp-indic-first"
              style={
                Object {
                  "height": "100%",
                  "width": "0.5em",
                }
              } />
          </div>
          <div>
            <div
              id="Tutu">
              <div
                style={
                  Object {
                    "backgroundColor": "#5bc0de",
                    "border": "none",
                    "borderRadius": 4,
                    "cursor": "default",
                    "display": "flex",
                    "justifyContent": "space-between",
                    "marginBottom": "0.2em",
                    "marginTop": "0.2em",
                    "opacity": 1,
                    "outline": "none",
                    "padding": "0.2em",
                    "width": "",
                  }
                }>
                <div
                  onClick={[Function]}>
                  Tutu
                </div>
                <button
                  onClick={[Function]}
                  style={
                    Object {
                      "background": "url(data:image/png;base64,iVBORw0KGgoAAAANSUhEUgAAAAsAAAALCAYAAACprHcmAAAAMUlEQVQYlWP4//9/I7GYgSzFDHgAVsX/sQCsirFpQFaI1c0wDegKB0AxeihQFs7EYAAT8WYwzt7jxgAAAABJRU5ErkJggg==) no-repeat 0px 0px",
                      "border": "none",
                      "height": 11,
                      "marginLeft": "0.5em",
                      "outline": "none",
                      "width": 11,
                    }
                  } />
              </div>
            </div>
          </div>
          <div>
            <div
              className="drp-indic drp-indic-last"
              style={
                Object {
                  "height": "100%",
                  "width": "0.5em",
                }
              } />
          </div>
        </div>
      </div>
    </div>
  </div>
  <div
    style={
      Object {
        "alignItems": "center",
        "display": "flex",
      }
    }>
    <div
      style={
        Object {
          "padding": "7px 4px",
        }
      }>
      <div>
        Data
      </div>
    </div>
    <div
      style={
        Object {
          "padding": "7px 4px",
        }
      }>
      <div
        style={
          Object {
            "display": "flex",
          }
        }>
        <div
          style={
            Object {
              "padding": "0px 4px",
            }
          }>
          <button
            className="Orb-datafield-button"
            onClick={[Function]}
            style={
              Object {
                "backgroundColor": "white",
                "border": "solid #cccccc 1px",
                "borderRadius": 4,
                "cursor": "default",
                "fontSize": "medium",
                "outline": "none",
                "padding": 4,
              }
            }>
            Quantity
            <small>
               (sum) 
            </small>
          </button>
        </div>
        <div
          style={
            Object {
              "padding": "0px 4px",
            }
          }>
          <button
            className="Orb-datafield-button"
            onClick={[Function]}
            style={
              Object {
                "backgroundColor": "#cccccc",
                "border": "solid #cccccc 1px",
                "borderRadius": 4,
                "cursor": "default",
                "fontSize": "medium",
                "outline": "none",
                "padding": 4,
              }
            }>
            Amount
            <small>
               (whatever) 
            </small>
          </button>
        </div>
      </div>
    </div>
  </div>
</div>
`;

exports[`actions toggle datafield 1`] = `
<div
  style={
    Object {
      "borderCollapse": "separate",
      "borderSpacing": 0,
    }
  }>
  <div>
    <div
      style={
        Object {
          "alignItems": "center",
          "display": "flex",
        }
      }>
      <div
        style={
          Object {
            "padding": "7px 4px",
          }
        }>
        Fields
      </div>
      <div
        style={
          Object {
            "padding": "7px 4px",
          }
        }>
        <div
          style={
            Object {
              "border": "dotted rgba(91, 192, 222, 0.7)",
              "borderRadius": 10,
              "display": "flex",
              "minHeight": "24px",
              "minWidth": "67px",
            }
          } />
      </div>
    </div>
    <div
      style={
        Object {
          "alignItems": "center",
          "display": "flex",
        }
      }>
      <div
        style={
          Object {
            "padding": "7px 4px",
          }
        }>
        Columns
      </div>
      <div
        style={
          Object {
            "padding": "7px 4px",
          }
        }>
        <div
          style={
            Object {
              "border": "dotted rgba(91, 192, 222, 0.7)",
              "borderRadius": 10,
              "display": "flex",
              "minHeight": "24px",
              "minWidth": "67px",
            }
          }>
          <div>
            <div
              className="drp-indic drp-indic-first"
              style={
                Object {
                  "height": "100%",
                  "width": "0.5em",
                }
              } />
          </div>
          <div>
            <div
              id="Titi">
              <div
                style={
                  Object {
                    "backgroundColor": "#5bc0de",
                    "border": "none",
                    "borderRadius": 4,
                    "cursor": "default",
                    "display": "flex",
                    "justifyContent": "space-between",
                    "marginBottom": "0.2em",
                    "marginTop": "0.2em",
                    "opacity": 1,
                    "outline": "none",
                    "padding": "0.2em",
                    "width": "",
                  }
                }>
                <div
                  onClick={[Function]}>
                  Titi
                </div>
                <button
                  onClick={[Function]}
                  style={
                    Object {
                      "background": "url(data:image/png;base64,iVBORw0KGgoAAAANSUhEUgAAAAsAAAALCAYAAACprHcmAAAAMUlEQVQYlWP4//9/I7GYgSzFDHgAVsX/sQCsirFpQFaI1c0wDegKB0AxeihQFs7EYAAT8WYwzt7jxgAAAABJRU5ErkJggg==) no-repeat 0px 0px",
                      "border": "none",
                      "height": 11,
                      "marginLeft": "0.5em",
                      "outline": "none",
                      "width": 11,
                    }
                  } />
              </div>
            </div>
          </div>
          <div>
            <div
              className="drp-indic drp-indic-last"
              style={
                Object {
                  "height": "100%",
                  "width": "0.5em",
                }
              } />
          </div>
        </div>
      </div>
    </div>
    <div
      style={
        Object {
          "alignItems": "center",
          "display": "flex",
        }
      }>
      <div
        style={
          Object {
            "padding": "7px 4px",
          }
        }>
        Rows
      </div>
      <div
        style={
          Object {
            "padding": "7px 4px",
          }
        }>
        <div
          style={
            Object {
              "border": "dotted rgba(91, 192, 222, 0.7)",
              "borderRadius": 10,
              "display": "flex",
              "minHeight": "24px",
              "minWidth": "67px",
            }
          }>
          <div>
            <div
              className="drp-indic drp-indic-first"
              style={
                Object {
                  "height": "100%",
                  "width": "0.5em",
                }
              } />
          </div>
          <div>
            <div
              id="Toto">
              <div
                style={
                  Object {
                    "backgroundColor": "#5bc0de",
                    "border": "none",
                    "borderRadius": 4,
                    "cursor": "default",
                    "display": "flex",
                    "justifyContent": "space-between",
                    "marginBottom": "0.2em",
                    "marginTop": "0.2em",
                    "opacity": 1,
                    "outline": "none",
                    "padding": "0.2em",
                    "width": "",
                  }
                }>
                <div
                  onClick={[Function]}>
                  Toto
                </div>
                <button
                  onClick={[Function]}
                  style={
                    Object {
                      "background": "url(data:image/png;base64,iVBORw0KGgoAAAANSUhEUgAAAAsAAAALCAYAAACprHcmAAAAMUlEQVQYlWP4//9/I7GYgSzFDHgAVsX/sQCsirFpQFaI1c0wDegKB0AxeihQFs7EYAAT8WYwzt7jxgAAAABJRU5ErkJggg==) no-repeat 0px 0px",
                      "border": "none",
                      "height": 11,
                      "marginLeft": "0.5em",
                      "outline": "none",
                      "width": 11,
                    }
                  } />
              </div>
            </div>
          </div>
          <div>
            <div
              className="drp-indic"
              style={
                Object {
                  "height": "100%",
                  "width": "0.5em",
                }
              } />
          </div>
          <div>
            <div
              id="Tutu">
              <div
                style={
                  Object {
                    "backgroundColor": "#5bc0de",
                    "border": "none",
                    "borderRadius": 4,
                    "cursor": "default",
                    "display": "flex",
                    "justifyContent": "space-between",
                    "marginBottom": "0.2em",
                    "marginTop": "0.2em",
                    "opacity": 1,
                    "outline": "none",
                    "padding": "0.2em",
                    "width": "",
                  }
                }>
                <div
                  onClick={[Function]}>
                  Tutu
                </div>
                <button
                  onClick={[Function]}
                  style={
                    Object {
                      "background": "url(data:image/png;base64,iVBORw0KGgoAAAANSUhEUgAAAAsAAAALCAYAAACprHcmAAAAMUlEQVQYlWP4//9/I7GYgSzFDHgAVsX/sQCsirFpQFaI1c0wDegKB0AxeihQFs7EYAAT8WYwzt7jxgAAAABJRU5ErkJggg==) no-repeat 0px 0px",
                      "border": "none",
                      "height": 11,
                      "marginLeft": "0.5em",
                      "outline": "none",
                      "width": 11,
                    }
                  } />
              </div>
            </div>
          </div>
          <div>
            <div
              className="drp-indic drp-indic-last"
              style={
                Object {
                  "height": "100%",
                  "width": "0.5em",
                }
              } />
          </div>
        </div>
      </div>
    </div>
  </div>
  <div
    style={
      Object {
        "alignItems": "center",
        "display": "flex",
      }
    }>
    <div
      style={
        Object {
          "padding": "7px 4px",
        }
      }>
      <div>
        Data
      </div>
    </div>
    <div
      style={
        Object {
          "padding": "7px 4px",
        }
      }>
      <div
        style={
          Object {
            "display": "flex",
          }
        }>
        <div
          style={
            Object {
              "padding": "0px 4px",
            }
          }>
          <button
            className="Orb-datafield-button"
            onClick={[Function]}
            style={
              Object {
                "backgroundColor": "white",
                "border": "solid #cccccc 1px",
                "borderRadius": 4,
                "cursor": "default",
                "fontSize": "medium",
                "outline": "none",
                "padding": 4,
              }
            }>
            Quantity
            <small>
               (sum) 
            </small>
          </button>
        </div>
        <div
          style={
            Object {
              "padding": "0px 4px",
            }
          }>
          <button
            className="Orb-datafield-button"
            onClick={[Function]}
            style={
              Object {
                "backgroundColor": "white",
                "border": "solid #cccccc 1px",
                "borderRadius": 4,
                "cursor": "default",
                "fontSize": "medium",
                "outline": "none",
                "padding": 4,
              }
            }>
            Amount
            <small>
               (whatever) 
            </small>
          </button>
        </div>
      </div>
    </div>
  </div>
</div>
`;

exports[`works when config has no columns 1`] = `
<div
  style={
    Object {
      "borderCollapse": "separate",
      "borderSpacing": 0,
    }
  }>
  <div>
    <div
      style={
        Object {
          "alignItems": "center",
          "display": "flex",
        }
      }>
      <div
        style={
          Object {
            "padding": "7px 4px",
          }
        }>
        Fields
      </div>
      <div
        style={
          Object {
            "padding": "7px 4px",
          }
        }>
        <div
          style={
            Object {
              "border": "dotted rgba(91, 192, 222, 0.7)",
              "borderRadius": 10,
              "display": "flex",
              "minHeight": "24px",
              "minWidth": "67px",
            }
          }>
          <div>
            <div
              className="drp-indic drp-indic-first"
              style={
                Object {
                  "height": "100%",
                  "width": "0.5em",
                }
              } />
          </div>
          <div>
            <div
              id="Titi">
              <div
                style={
                  Object {
                    "backgroundColor": "#5bc0de",
                    "border": "none",
                    "borderRadius": 4,
                    "cursor": "default",
                    "display": "flex",
                    "justifyContent": "space-between",
                    "marginBottom": "0.2em",
                    "marginTop": "0.2em",
                    "opacity": 1,
                    "outline": "none",
                    "padding": "0.2em",
                    "width": "",
                  }
                }>
                <div
                  onClick={[Function]}>
                  Titi
                </div>
                <button
                  onClick={[Function]}
                  style={
                    Object {
                      "background": "url(data:image/png;base64,iVBORw0KGgoAAAANSUhEUgAAAAsAAAALCAYAAACprHcmAAAAMUlEQVQYlWP4//9/I7GYgSzFDHgAVsX/sQCsirFpQFaI1c0wDegKB0AxeihQFs7EYAAT8WYwzt7jxgAAAABJRU5ErkJggg==) no-repeat 0px 0px",
                      "border": "none",
                      "height": 11,
                      "marginLeft": "0.5em",
                      "outline": "none",
                      "width": 11,
                    }
                  } />
              </div>
            </div>
          </div>
          <div>
            <div
              className="drp-indic drp-indic-last"
              style={
                Object {
                  "height": "100%",
                  "width": "0.5em",
                }
              } />
          </div>
        </div>
      </div>
    </div>
    <div
      style={
        Object {
          "alignItems": "center",
          "display": "flex",
        }
      }>
      <div
        style={
          Object {
            "padding": "7px 4px",
          }
        }>
        Columns
      </div>
      <div
        style={
          Object {
            "padding": "7px 4px",
          }
        }>
        <div
          style={
            Object {
              "border": "dotted rgba(91, 192, 222, 0.7)",
              "borderRadius": 10,
              "display": "flex",
              "minHeight": "24px",
              "minWidth": "67px",
            }
          } />
      </div>
    </div>
    <div
      style={
        Object {
          "alignItems": "center",
          "display": "flex",
        }
      }>
      <div
        style={
          Object {
            "padding": "7px 4px",
          }
        }>
        Rows
      </div>
      <div
        style={
          Object {
            "padding": "7px 4px",
          }
        }>
        <div
          style={
            Object {
              "border": "dotted rgba(91, 192, 222, 0.7)",
              "borderRadius": 10,
              "display": "flex",
              "minHeight": "24px",
              "minWidth": "67px",
            }
          }>
          <div>
            <div
              className="drp-indic drp-indic-first"
              style={
                Object {
                  "height": "100%",
                  "width": "0.5em",
                }
              } />
          </div>
          <div>
            <div
              id="Toto">
              <div
                style={
                  Object {
                    "backgroundColor": "#5bc0de",
                    "border": "none",
                    "borderRadius": 4,
                    "cursor": "default",
                    "display": "flex",
                    "justifyContent": "space-between",
                    "marginBottom": "0.2em",
                    "marginTop": "0.2em",
                    "opacity": 1,
                    "outline": "none",
                    "padding": "0.2em",
                    "width": "",
                  }
                }>
                <div
                  onClick={[Function]}>
                  Toto
                </div>
                <button
                  onClick={[Function]}
                  style={
                    Object {
                      "background": "url(data:image/png;base64,iVBORw0KGgoAAAANSUhEUgAAAAsAAAALCAYAAACprHcmAAAAMUlEQVQYlWP4//9/I7GYgSzFDHgAVsX/sQCsirFpQFaI1c0wDegKB0AxeihQFs7EYAAT8WYwzt7jxgAAAABJRU5ErkJggg==) no-repeat 0px 0px",
                      "border": "none",
                      "height": 11,
                      "marginLeft": "0.5em",
                      "outline": "none",
                      "width": 11,
                    }
                  } />
              </div>
            </div>
          </div>
          <div>
            <div
              className="drp-indic"
              style={
                Object {
                  "height": "100%",
                  "width": "0.5em",
                }
              } />
          </div>
          <div>
            <div
              id="Tutu">
              <div
                style={
                  Object {
                    "backgroundColor": "#5bc0de",
                    "border": "none",
                    "borderRadius": 4,
                    "cursor": "default",
                    "display": "flex",
                    "justifyContent": "space-between",
                    "marginBottom": "0.2em",
                    "marginTop": "0.2em",
                    "opacity": 1,
                    "outline": "none",
                    "padding": "0.2em",
                    "width": "",
                  }
                }>
                <div
                  onClick={[Function]}>
                  Tutu
                </div>
                <button
                  onClick={[Function]}
                  style={
                    Object {
                      "background": "url(data:image/png;base64,iVBORw0KGgoAAAANSUhEUgAAAAsAAAALCAYAAACprHcmAAAAMUlEQVQYlWP4//9/I7GYgSzFDHgAVsX/sQCsirFpQFaI1c0wDegKB0AxeihQFs7EYAAT8WYwzt7jxgAAAABJRU5ErkJggg==) no-repeat 0px 0px",
                      "border": "none",
                      "height": 11,
                      "marginLeft": "0.5em",
                      "outline": "none",
                      "width": 11,
                    }
                  } />
              </div>
            </div>
          </div>
          <div>
            <div
              className="drp-indic drp-indic-last"
              style={
                Object {
                  "height": "100%",
                  "width": "0.5em",
                }
              } />
          </div>
        </div>
      </div>
    </div>
  </div>
  <div
    style={
      Object {
        "alignItems": "center",
        "display": "flex",
      }
    }>
    <div
      style={
        Object {
          "padding": "7px 4px",
        }
      }>
      <div>
        Data
      </div>
    </div>
    <div
      style={
        Object {
          "padding": "7px 4px",
        }
      }>
      <div
        style={
          Object {
            "display": "flex",
          }
        }>
        <div
          style={
            Object {
              "padding": "0px 4px",
            }
          }>
          <button
            className="Orb-datafield-button"
            onClick={[Function]}
            style={
              Object {
                "backgroundColor": "white",
                "border": "solid #cccccc 1px",
                "borderRadius": 4,
                "cursor": "default",
                "fontSize": "medium",
                "outline": "none",
                "padding": 4,
              }
            }>
            Quantity
            <small>
               (sum) 
            </small>
          </button>
        </div>
        <div
          style={
            Object {
              "padding": "0px 4px",
            }
          }>
          <button
            className="Orb-datafield-button"
            onClick={[Function]}
            style={
              Object {
                "backgroundColor": "#cccccc",
                "border": "solid #cccccc 1px",
                "borderRadius": 4,
                "cursor": "default",
                "fontSize": "medium",
                "outline": "none",
                "padding": 4,
              }
            }>
            Amount
            <small>
               (whatever) 
            </small>
          </button>
        </div>
      </div>
    </div>
  </div>
</div>
`;

exports[`works when config has no data field 1`] = `
<div
  style={
    Object {
      "borderCollapse": "separate",
      "borderSpacing": 0,
    }
  }>
  <div>
    <div
      style={
        Object {
          "alignItems": "center",
          "display": "flex",
        }
      }>
      <div
        style={
          Object {
            "padding": "7px 4px",
          }
        }>
        Fields
      </div>
      <div
        style={
          Object {
            "padding": "7px 4px",
          }
        }>
        <div
          style={
            Object {
              "border": "dotted rgba(91, 192, 222, 0.7)",
              "borderRadius": 10,
              "display": "flex",
              "minHeight": "24px",
              "minWidth": "67px",
            }
          } />
      </div>
    </div>
    <div
      style={
        Object {
          "alignItems": "center",
          "display": "flex",
        }
      }>
      <div
        style={
          Object {
            "padding": "7px 4px",
          }
        }>
        Columns
      </div>
      <div
        style={
          Object {
            "padding": "7px 4px",
          }
        }>
        <div
          style={
            Object {
              "border": "dotted rgba(91, 192, 222, 0.7)",
              "borderRadius": 10,
              "display": "flex",
              "minHeight": "24px",
              "minWidth": "67px",
            }
          }>
          <div>
            <div
              className="drp-indic drp-indic-first"
              style={
                Object {
                  "height": "100%",
                  "width": "0.5em",
                }
              } />
          </div>
          <div>
            <div
              id="Titi">
              <div
                style={
                  Object {
                    "backgroundColor": "#5bc0de",
                    "border": "none",
                    "borderRadius": 4,
                    "cursor": "default",
                    "display": "flex",
                    "justifyContent": "space-between",
                    "marginBottom": "0.2em",
                    "marginTop": "0.2em",
                    "opacity": 1,
                    "outline": "none",
                    "padding": "0.2em",
                    "width": "",
                  }
                }>
                <div
                  onClick={[Function]}>
                  Titi
                </div>
                <button
                  onClick={[Function]}
                  style={
                    Object {
                      "background": "url(data:image/png;base64,iVBORw0KGgoAAAANSUhEUgAAAAsAAAALCAYAAACprHcmAAAAMUlEQVQYlWP4//9/I7GYgSzFDHgAVsX/sQCsirFpQFaI1c0wDegKB0AxeihQFs7EYAAT8WYwzt7jxgAAAABJRU5ErkJggg==) no-repeat 0px 0px",
                      "border": "none",
                      "height": 11,
                      "marginLeft": "0.5em",
                      "outline": "none",
                      "width": 11,
                    }
                  } />
              </div>
            </div>
          </div>
          <div>
            <div
              className="drp-indic drp-indic-last"
              style={
                Object {
                  "height": "100%",
                  "width": "0.5em",
                }
              } />
          </div>
        </div>
      </div>
    </div>
    <div
      style={
        Object {
          "alignItems": "center",
          "display": "flex",
        }
      }>
      <div
        style={
          Object {
            "padding": "7px 4px",
          }
        }>
        Rows
      </div>
      <div
        style={
          Object {
            "padding": "7px 4px",
          }
        }>
        <div
          style={
            Object {
              "border": "dotted rgba(91, 192, 222, 0.7)",
              "borderRadius": 10,
              "display": "flex",
              "minHeight": "24px",
              "minWidth": "67px",
            }
          }>
          <div>
            <div
              className="drp-indic drp-indic-first"
              style={
                Object {
                  "height": "100%",
                  "width": "0.5em",
                }
              } />
          </div>
          <div>
            <div
              id="Toto">
              <div
                style={
                  Object {
                    "backgroundColor": "#5bc0de",
                    "border": "none",
                    "borderRadius": 4,
                    "cursor": "default",
                    "display": "flex",
                    "justifyContent": "space-between",
                    "marginBottom": "0.2em",
                    "marginTop": "0.2em",
                    "opacity": 1,
                    "outline": "none",
                    "padding": "0.2em",
                    "width": "",
                  }
                }>
                <div
                  onClick={[Function]}>
                  Toto
                </div>
                <button
                  onClick={[Function]}
                  style={
                    Object {
                      "background": "url(data:image/png;base64,iVBORw0KGgoAAAANSUhEUgAAAAsAAAALCAYAAACprHcmAAAAMUlEQVQYlWP4//9/I7GYgSzFDHgAVsX/sQCsirFpQFaI1c0wDegKB0AxeihQFs7EYAAT8WYwzt7jxgAAAABJRU5ErkJggg==) no-repeat 0px 0px",
                      "border": "none",
                      "height": 11,
                      "marginLeft": "0.5em",
                      "outline": "none",
                      "width": 11,
                    }
                  } />
              </div>
            </div>
          </div>
          <div>
            <div
              className="drp-indic"
              style={
                Object {
                  "height": "100%",
                  "width": "0.5em",
                }
              } />
          </div>
          <div>
            <div
              id="Tutu">
              <div
                style={
                  Object {
                    "backgroundColor": "#5bc0de",
                    "border": "none",
                    "borderRadius": 4,
                    "cursor": "default",
                    "display": "flex",
                    "justifyContent": "space-between",
                    "marginBottom": "0.2em",
                    "marginTop": "0.2em",
                    "opacity": 1,
                    "outline": "none",
                    "padding": "0.2em",
                    "width": "",
                  }
                }>
                <div
                  onClick={[Function]}>
                  Tutu
                </div>
                <button
                  onClick={[Function]}
                  style={
                    Object {
                      "background": "url(data:image/png;base64,iVBORw0KGgoAAAANSUhEUgAAAAsAAAALCAYAAACprHcmAAAAMUlEQVQYlWP4//9/I7GYgSzFDHgAVsX/sQCsirFpQFaI1c0wDegKB0AxeihQFs7EYAAT8WYwzt7jxgAAAABJRU5ErkJggg==) no-repeat 0px 0px",
                      "border": "none",
                      "height": 11,
                      "marginLeft": "0.5em",
                      "outline": "none",
                      "width": 11,
                    }
                  } />
              </div>
            </div>
          </div>
          <div>
            <div
              className="drp-indic drp-indic-last"
              style={
                Object {
                  "height": "100%",
                  "width": "0.5em",
                }
              } />
          </div>
        </div>
      </div>
    </div>
  </div>
  <div
    style={
      Object {
        "alignItems": "center",
        "display": "flex",
      }
    }>
    <div
      style={
        Object {
          "padding": "7px 4px",
        }
      }>
      <div>
        Data
      </div>
    </div>
    <div
      style={
        Object {
          "padding": "7px 4px",
        }
      }>
      <div
        style={
          Object {
            "display": "flex",
          }
        }>
        <div
          style={
            Object {
              "padding": "0px 4px",
            }
          }>
          <button
            className="Orb-datafield-button"
            onClick={[Function]}
            style={
              Object {
                "backgroundColor": "#cccccc",
                "border": "solid #cccccc 1px",
                "borderRadius": 4,
                "cursor": "default",
                "fontSize": "medium",
                "outline": "none",
                "padding": 4,
              }
            }>
            Quantity
            <small>
               (sum) 
            </small>
          </button>
        </div>
        <div
          style={
            Object {
              "padding": "0px 4px",
            }
          }>
          <button
            className="Orb-datafield-button"
            onClick={[Function]}
            style={
              Object {
                "backgroundColor": "#cccccc",
                "border": "solid #cccccc 1px",
                "borderRadius": 4,
                "cursor": "default",
                "fontSize": "medium",
                "outline": "none",
                "padding": 4,
              }
            }>
            Amount
            <small>
               (whatever) 
            </small>
          </button>
        </div>
      </div>
    </div>
  </div>
</div>
`;

exports[`works when config has no rows 1`] = `
<div
  style={
    Object {
      "borderCollapse": "separate",
      "borderSpacing": 0,
    }
  }>
  <div>
    <div
      style={
        Object {
          "alignItems": "center",
          "display": "flex",
        }
      }>
      <div
        style={
          Object {
            "padding": "7px 4px",
          }
        }>
        Fields
      </div>
      <div
        style={
          Object {
            "padding": "7px 4px",
          }
        }>
        <div
          style={
            Object {
              "border": "dotted rgba(91, 192, 222, 0.7)",
              "borderRadius": 10,
              "display": "flex",
              "minHeight": "24px",
              "minWidth": "67px",
            }
          }>
          <div>
            <div
              className="drp-indic drp-indic-first"
              style={
                Object {
                  "height": "100%",
                  "width": "0.5em",
                }
              } />
          </div>
          <div>
            <div
              id="Toto">
              <div
                style={
                  Object {
                    "backgroundColor": "#5bc0de",
                    "border": "none",
                    "borderRadius": 4,
                    "cursor": "default",
                    "display": "flex",
                    "justifyContent": "space-between",
                    "marginBottom": "0.2em",
                    "marginTop": "0.2em",
                    "opacity": 1,
                    "outline": "none",
                    "padding": "0.2em",
                    "width": "",
                  }
                }>
                <div
                  onClick={[Function]}>
                  Toto
                </div>
                <button
                  onClick={[Function]}
                  style={
                    Object {
                      "background": "url(data:image/png;base64,iVBORw0KGgoAAAANSUhEUgAAAAsAAAALCAYAAACprHcmAAAAMUlEQVQYlWP4//9/I7GYgSzFDHgAVsX/sQCsirFpQFaI1c0wDegKB0AxeihQFs7EYAAT8WYwzt7jxgAAAABJRU5ErkJggg==) no-repeat 0px 0px",
                      "border": "none",
                      "height": 11,
                      "marginLeft": "0.5em",
                      "outline": "none",
                      "width": 11,
                    }
                  } />
              </div>
            </div>
          </div>
          <div>
            <div
              className="drp-indic"
              style={
                Object {
                  "height": "100%",
                  "width": "0.5em",
                }
              } />
          </div>
          <div>
            <div
              id="Tutu">
              <div
                style={
                  Object {
                    "backgroundColor": "#5bc0de",
                    "border": "none",
                    "borderRadius": 4,
                    "cursor": "default",
                    "display": "flex",
                    "justifyContent": "space-between",
                    "marginBottom": "0.2em",
                    "marginTop": "0.2em",
                    "opacity": 1,
                    "outline": "none",
                    "padding": "0.2em",
                    "width": "",
                  }
                }>
                <div
                  onClick={[Function]}>
                  Tutu
                </div>
                <button
                  onClick={[Function]}
                  style={
                    Object {
                      "background": "url(data:image/png;base64,iVBORw0KGgoAAAANSUhEUgAAAAsAAAALCAYAAACprHcmAAAAMUlEQVQYlWP4//9/I7GYgSzFDHgAVsX/sQCsirFpQFaI1c0wDegKB0AxeihQFs7EYAAT8WYwzt7jxgAAAABJRU5ErkJggg==) no-repeat 0px 0px",
                      "border": "none",
                      "height": 11,
                      "marginLeft": "0.5em",
                      "outline": "none",
                      "width": 11,
                    }
                  } />
              </div>
            </div>
          </div>
          <div>
            <div
              className="drp-indic drp-indic-last"
              style={
                Object {
                  "height": "100%",
                  "width": "0.5em",
                }
              } />
          </div>
        </div>
      </div>
    </div>
    <div
      style={
        Object {
          "alignItems": "center",
          "display": "flex",
        }
      }>
      <div
        style={
          Object {
            "padding": "7px 4px",
          }
        }>
        Columns
      </div>
      <div
        style={
          Object {
            "padding": "7px 4px",
          }
        }>
        <div
          style={
            Object {
              "border": "dotted rgba(91, 192, 222, 0.7)",
              "borderRadius": 10,
              "display": "flex",
              "minHeight": "24px",
              "minWidth": "67px",
            }
          }>
          <div>
            <div
              className="drp-indic drp-indic-first"
              style={
                Object {
                  "height": "100%",
                  "width": "0.5em",
                }
              } />
          </div>
          <div>
            <div
              id="Titi">
              <div
                style={
                  Object {
                    "backgroundColor": "#5bc0de",
                    "border": "none",
                    "borderRadius": 4,
                    "cursor": "default",
                    "display": "flex",
                    "justifyContent": "space-between",
                    "marginBottom": "0.2em",
                    "marginTop": "0.2em",
                    "opacity": 1,
                    "outline": "none",
                    "padding": "0.2em",
                    "width": "",
                  }
                }>
                <div
                  onClick={[Function]}>
                  Titi
                </div>
                <button
                  onClick={[Function]}
                  style={
                    Object {
                      "background": "url(data:image/png;base64,iVBORw0KGgoAAAANSUhEUgAAAAsAAAALCAYAAACprHcmAAAAMUlEQVQYlWP4//9/I7GYgSzFDHgAVsX/sQCsirFpQFaI1c0wDegKB0AxeihQFs7EYAAT8WYwzt7jxgAAAABJRU5ErkJggg==) no-repeat 0px 0px",
                      "border": "none",
                      "height": 11,
                      "marginLeft": "0.5em",
                      "outline": "none",
                      "width": 11,
                    }
                  } />
              </div>
            </div>
          </div>
          <div>
            <div
              className="drp-indic drp-indic-last"
              style={
                Object {
                  "height": "100%",
                  "width": "0.5em",
                }
              } />
          </div>
        </div>
      </div>
    </div>
    <div
      style={
        Object {
          "alignItems": "center",
          "display": "flex",
        }
      }>
      <div
        style={
          Object {
            "padding": "7px 4px",
          }
        }>
        Rows
      </div>
      <div
        style={
          Object {
            "padding": "7px 4px",
          }
        }>
        <div
          style={
            Object {
              "border": "dotted rgba(91, 192, 222, 0.7)",
              "borderRadius": 10,
              "display": "flex",
              "minHeight": "24px",
              "minWidth": "67px",
            }
          } />
      </div>
    </div>
  </div>
  <div
    style={
      Object {
        "alignItems": "center",
        "display": "flex",
      }
    }>
    <div
      style={
        Object {
          "padding": "7px 4px",
        }
      }>
      <div>
        Data
      </div>
    </div>
    <div
      style={
        Object {
          "padding": "7px 4px",
        }
      }>
      <div
        style={
          Object {
            "display": "flex",
          }
        }>
        <div
          style={
            Object {
              "padding": "0px 4px",
            }
          }>
          <button
            className="Orb-datafield-button"
            onClick={[Function]}
            style={
              Object {
                "backgroundColor": "white",
                "border": "solid #cccccc 1px",
                "borderRadius": 4,
                "cursor": "default",
                "fontSize": "medium",
                "outline": "none",
                "padding": 4,
              }
            }>
            Quantity
            <small>
               (sum) 
            </small>
          </button>
        </div>
        <div
          style={
            Object {
              "padding": "0px 4px",
            }
          }>
          <button
            className="Orb-datafield-button"
            onClick={[Function]}
            style={
              Object {
                "backgroundColor": "#cccccc",
                "border": "solid #cccccc 1px",
                "borderRadius": 4,
                "cursor": "default",
                "fontSize": "medium",
                "outline": "none",
                "padding": 4,
              }
            }>
            Amount
            <small>
               (whatever) 
            </small>
          </button>
        </div>
      </div>
    </div>
  </div>
</div>
`;

exports[`works when config has one data field 1`] = `
<div
  style={
    Object {
      "borderCollapse": "separate",
      "borderSpacing": 0,
    }
  }>
  <div>
    <div
      style={
        Object {
          "alignItems": "center",
          "display": "flex",
        }
      }>
      <div
        style={
          Object {
            "padding": "7px 4px",
          }
        }>
        Fields
      </div>
      <div
        style={
          Object {
            "padding": "7px 4px",
          }
        }>
        <div
          style={
            Object {
              "border": "dotted rgba(91, 192, 222, 0.7)",
              "borderRadius": 10,
              "display": "flex",
              "minHeight": "24px",
              "minWidth": "67px",
            }
          } />
      </div>
    </div>
    <div
      style={
        Object {
          "alignItems": "center",
          "display": "flex",
        }
      }>
      <div
        style={
          Object {
            "padding": "7px 4px",
          }
        }>
        Columns
      </div>
      <div
        style={
          Object {
            "padding": "7px 4px",
          }
        }>
        <div
          style={
            Object {
              "border": "dotted rgba(91, 192, 222, 0.7)",
              "borderRadius": 10,
              "display": "flex",
              "minHeight": "24px",
              "minWidth": "67px",
            }
          }>
          <div>
            <div
              className="drp-indic drp-indic-first"
              style={
                Object {
                  "height": "100%",
                  "width": "0.5em",
                }
              } />
          </div>
          <div>
            <div
              id="Titi">
              <div
                style={
                  Object {
                    "backgroundColor": "#5bc0de",
                    "border": "none",
                    "borderRadius": 4,
                    "cursor": "default",
                    "display": "flex",
                    "justifyContent": "space-between",
                    "marginBottom": "0.2em",
                    "marginTop": "0.2em",
                    "opacity": 1,
                    "outline": "none",
                    "padding": "0.2em",
                    "width": "",
                  }
                }>
                <div
                  onClick={[Function]}>
                  Titi
                </div>
                <button
                  onClick={[Function]}
                  style={
                    Object {
                      "background": "url(data:image/png;base64,iVBORw0KGgoAAAANSUhEUgAAAAsAAAALCAYAAACprHcmAAAAMUlEQVQYlWP4//9/I7GYgSzFDHgAVsX/sQCsirFpQFaI1c0wDegKB0AxeihQFs7EYAAT8WYwzt7jxgAAAABJRU5ErkJggg==) no-repeat 0px 0px",
                      "border": "none",
                      "height": 11,
                      "marginLeft": "0.5em",
                      "outline": "none",
                      "width": 11,
                    }
                  } />
              </div>
            </div>
          </div>
          <div>
            <div
              className="drp-indic drp-indic-last"
              style={
                Object {
                  "height": "100%",
                  "width": "0.5em",
                }
              } />
          </div>
        </div>
      </div>
    </div>
    <div
      style={
        Object {
          "alignItems": "center",
          "display": "flex",
        }
      }>
      <div
        style={
          Object {
            "padding": "7px 4px",
          }
        }>
        Rows
      </div>
      <div
        style={
          Object {
            "padding": "7px 4px",
          }
        }>
        <div
          style={
            Object {
              "border": "dotted rgba(91, 192, 222, 0.7)",
              "borderRadius": 10,
              "display": "flex",
              "minHeight": "24px",
              "minWidth": "67px",
            }
          }>
          <div>
            <div
              className="drp-indic drp-indic-first"
              style={
                Object {
                  "height": "100%",
                  "width": "0.5em",
                }
              } />
          </div>
          <div>
            <div
              id="Toto">
              <div
                style={
                  Object {
                    "backgroundColor": "#5bc0de",
                    "border": "none",
                    "borderRadius": 4,
                    "cursor": "default",
                    "display": "flex",
                    "justifyContent": "space-between",
                    "marginBottom": "0.2em",
                    "marginTop": "0.2em",
                    "opacity": 1,
                    "outline": "none",
                    "padding": "0.2em",
                    "width": "",
                  }
                }>
                <div
                  onClick={[Function]}>
                  Toto
                </div>
                <button
                  onClick={[Function]}
                  style={
                    Object {
                      "background": "url(data:image/png;base64,iVBORw0KGgoAAAANSUhEUgAAAAsAAAALCAYAAACprHcmAAAAMUlEQVQYlWP4//9/I7GYgSzFDHgAVsX/sQCsirFpQFaI1c0wDegKB0AxeihQFs7EYAAT8WYwzt7jxgAAAABJRU5ErkJggg==) no-repeat 0px 0px",
                      "border": "none",
                      "height": 11,
                      "marginLeft": "0.5em",
                      "outline": "none",
                      "width": 11,
                    }
                  } />
              </div>
            </div>
          </div>
          <div>
            <div
              className="drp-indic"
              style={
                Object {
                  "height": "100%",
                  "width": "0.5em",
                }
              } />
          </div>
          <div>
            <div
              id="Tutu">
              <div
                style={
                  Object {
                    "backgroundColor": "#5bc0de",
                    "border": "none",
                    "borderRadius": 4,
                    "cursor": "default",
                    "display": "flex",
                    "justifyContent": "space-between",
                    "marginBottom": "0.2em",
                    "marginTop": "0.2em",
                    "opacity": 1,
                    "outline": "none",
                    "padding": "0.2em",
                    "width": "",
                  }
                }>
                <div
                  onClick={[Function]}>
                  Tutu
                </div>
                <button
                  onClick={[Function]}
                  style={
                    Object {
                      "background": "url(data:image/png;base64,iVBORw0KGgoAAAANSUhEUgAAAAsAAAALCAYAAACprHcmAAAAMUlEQVQYlWP4//9/I7GYgSzFDHgAVsX/sQCsirFpQFaI1c0wDegKB0AxeihQFs7EYAAT8WYwzt7jxgAAAABJRU5ErkJggg==) no-repeat 0px 0px",
                      "border": "none",
                      "height": 11,
                      "marginLeft": "0.5em",
                      "outline": "none",
                      "width": 11,
                    }
                  } />
              </div>
            </div>
          </div>
          <div>
            <div
              className="drp-indic drp-indic-last"
              style={
                Object {
                  "height": "100%",
                  "width": "0.5em",
                }
              } />
          </div>
        </div>
      </div>
    </div>
  </div>
  <div
    style={
      Object {
        "alignItems": "center",
        "display": "flex",
      }
    }>
    <div
      style={
        Object {
          "padding": "7px 4px",
        }
      }>
      <div>
        Data
      </div>
    </div>
    <div
      style={
        Object {
          "padding": "7px 4px",
        }
      }>
      <div
        style={
          Object {
            "display": "flex",
          }
        }>
        <div
          style={
            Object {
              "padding": "0px 4px",
            }
          }>
          <button
            className="Orb-datafield-button"
            onClick={[Function]}
            style={
              Object {
                "backgroundColor": "white",
                "border": "solid #cccccc 1px",
                "borderRadius": 4,
                "cursor": "default",
                "fontSize": "medium",
                "outline": "none",
                "padding": 4,
              }
            }>
            Quantity
            <small>
               (sum) 
            </small>
          </button>
        </div>
        <div
          style={
            Object {
              "padding": "0px 4px",
            }
          }>
          <button
            className="Orb-datafield-button"
            onClick={[Function]}
            style={
              Object {
                "backgroundColor": "#cccccc",
                "border": "solid #cccccc 1px",
                "borderRadius": 4,
                "cursor": "default",
                "fontSize": "medium",
                "outline": "none",
                "padding": 4,
              }
            }>
            Amount
            <small>
               (whatever) 
            </small>
          </button>
        </div>
      </div>
    </div>
  </div>
</div>
`;

exports[`works when config has two data fields 1`] = `
<div
  style={
    Object {
      "borderCollapse": "separate",
      "borderSpacing": 0,
    }
  }>
  <div>
    <div
      style={
        Object {
          "alignItems": "center",
          "display": "flex",
        }
      }>
      <div
        style={
          Object {
            "padding": "7px 4px",
          }
        }>
        Fields
      </div>
      <div
        style={
          Object {
            "padding": "7px 4px",
          }
        }>
        <div
          style={
            Object {
              "border": "dotted rgba(91, 192, 222, 0.7)",
              "borderRadius": 10,
              "display": "flex",
              "minHeight": "24px",
              "minWidth": "67px",
            }
          } />
      </div>
    </div>
    <div
      style={
        Object {
          "alignItems": "center",
          "display": "flex",
        }
      }>
      <div
        style={
          Object {
            "padding": "7px 4px",
          }
        }>
        Columns
      </div>
      <div
        style={
          Object {
            "padding": "7px 4px",
          }
        }>
        <div
          style={
            Object {
              "border": "dotted rgba(91, 192, 222, 0.7)",
              "borderRadius": 10,
              "display": "flex",
              "minHeight": "24px",
              "minWidth": "67px",
            }
          }>
          <div>
            <div
              className="drp-indic drp-indic-first"
              style={
                Object {
                  "height": "100%",
                  "width": "0.5em",
                }
              } />
          </div>
          <div>
            <div
              id="Titi">
              <div
                style={
                  Object {
                    "backgroundColor": "#5bc0de",
                    "border": "none",
                    "borderRadius": 4,
                    "cursor": "default",
                    "display": "flex",
                    "justifyContent": "space-between",
                    "marginBottom": "0.2em",
                    "marginTop": "0.2em",
                    "opacity": 1,
                    "outline": "none",
                    "padding": "0.2em",
                    "width": "",
                  }
                }>
                <div
                  onClick={[Function]}>
                  Titi
                </div>
                <button
                  onClick={[Function]}
                  style={
                    Object {
                      "background": "url(data:image/png;base64,iVBORw0KGgoAAAANSUhEUgAAAAsAAAALCAYAAACprHcmAAAAMUlEQVQYlWP4//9/I7GYgSzFDHgAVsX/sQCsirFpQFaI1c0wDegKB0AxeihQFs7EYAAT8WYwzt7jxgAAAABJRU5ErkJggg==) no-repeat 0px 0px",
                      "border": "none",
                      "height": 11,
                      "marginLeft": "0.5em",
                      "outline": "none",
                      "width": 11,
                    }
                  } />
              </div>
            </div>
          </div>
          <div>
            <div
              className="drp-indic drp-indic-last"
              style={
                Object {
                  "height": "100%",
                  "width": "0.5em",
                }
              } />
          </div>
        </div>
      </div>
    </div>
    <div
      style={
        Object {
          "alignItems": "center",
          "display": "flex",
        }
      }>
      <div
        style={
          Object {
            "padding": "7px 4px",
          }
        }>
        Rows
      </div>
      <div
        style={
          Object {
            "padding": "7px 4px",
          }
        }>
        <div
          style={
            Object {
              "border": "dotted rgba(91, 192, 222, 0.7)",
              "borderRadius": 10,
              "display": "flex",
              "minHeight": "24px",
              "minWidth": "67px",
            }
          }>
          <div>
            <div
              className="drp-indic drp-indic-first"
              style={
                Object {
                  "height": "100%",
                  "width": "0.5em",
                }
              } />
          </div>
          <div>
            <div
              id="Toto">
              <div
                style={
                  Object {
                    "backgroundColor": "#5bc0de",
                    "border": "none",
                    "borderRadius": 4,
                    "cursor": "default",
                    "display": "flex",
                    "justifyContent": "space-between",
                    "marginBottom": "0.2em",
                    "marginTop": "0.2em",
                    "opacity": 1,
                    "outline": "none",
                    "padding": "0.2em",
                    "width": "",
                  }
                }>
                <div
                  onClick={[Function]}>
                  Toto
                </div>
                <button
                  onClick={[Function]}
                  style={
                    Object {
                      "background": "url(data:image/png;base64,iVBORw0KGgoAAAANSUhEUgAAAAsAAAALCAYAAACprHcmAAAAMUlEQVQYlWP4//9/I7GYgSzFDHgAVsX/sQCsirFpQFaI1c0wDegKB0AxeihQFs7EYAAT8WYwzt7jxgAAAABJRU5ErkJggg==) no-repeat 0px 0px",
                      "border": "none",
                      "height": 11,
                      "marginLeft": "0.5em",
                      "outline": "none",
                      "width": 11,
                    }
                  } />
              </div>
            </div>
          </div>
          <div>
            <div
              className="drp-indic"
              style={
                Object {
                  "height": "100%",
                  "width": "0.5em",
                }
              } />
          </div>
          <div>
            <div
              id="Tutu">
              <div
                style={
                  Object {
                    "backgroundColor": "#5bc0de",
                    "border": "none",
                    "borderRadius": 4,
                    "cursor": "default",
                    "display": "flex",
                    "justifyContent": "space-between",
                    "marginBottom": "0.2em",
                    "marginTop": "0.2em",
                    "opacity": 1,
                    "outline": "none",
                    "padding": "0.2em",
                    "width": "",
                  }
                }>
                <div
                  onClick={[Function]}>
                  Tutu
                </div>
                <button
                  onClick={[Function]}
                  style={
                    Object {
                      "background": "url(data:image/png;base64,iVBORw0KGgoAAAANSUhEUgAAAAsAAAALCAYAAACprHcmAAAAMUlEQVQYlWP4//9/I7GYgSzFDHgAVsX/sQCsirFpQFaI1c0wDegKB0AxeihQFs7EYAAT8WYwzt7jxgAAAABJRU5ErkJggg==) no-repeat 0px 0px",
                      "border": "none",
                      "height": 11,
                      "marginLeft": "0.5em",
                      "outline": "none",
                      "width": 11,
                    }
                  } />
              </div>
            </div>
          </div>
          <div>
            <div
              className="drp-indic drp-indic-last"
              style={
                Object {
                  "height": "100%",
                  "width": "0.5em",
                }
              } />
          </div>
        </div>
      </div>
    </div>
  </div>
  <div
    style={
      Object {
        "alignItems": "center",
        "display": "flex",
      }
    }>
    <div
      style={
        Object {
          "padding": "7px 4px",
        }
      }>
      <div>
        Data
      </div>
    </div>
    <div
      style={
        Object {
          "padding": "7px 4px",
        }
      }>
      <div
        style={
          Object {
            "display": "flex",
          }
        }>
        <div
          style={
            Object {
              "padding": "0px 4px",
            }
          }>
          <button
            className="Orb-datafield-button"
            onClick={[Function]}
            style={
              Object {
                "backgroundColor": "white",
                "border": "solid #cccccc 1px",
                "borderRadius": 4,
                "cursor": "default",
                "fontSize": "medium",
                "outline": "none",
                "padding": 4,
              }
            }>
            Quantity
            <small>
               (sum) 
            </small>
          </button>
        </div>
        <div
          style={
            Object {
              "padding": "0px 4px",
            }
          }>
          <button
            className="Orb-datafield-button"
            onClick={[Function]}
            style={
              Object {
                "backgroundColor": "white",
                "border": "solid #cccccc 1px",
                "borderRadius": 4,
                "cursor": "default",
                "fontSize": "medium",
                "outline": "none",
                "padding": 4,
              }
            }>
            Amount
            <small>
               (whatever) 
            </small>
          </button>
        </div>
      </div>
    </div>
  </div>
</div>
`;

exports[`works when config is empty 1`] = `
<div
  style={
    Object {
      "borderCollapse": "separate",
      "borderSpacing": 0,
    }
  }>
  <div>
    <div
      style={
        Object {
          "alignItems": "center",
          "display": "flex",
        }
      }>
      <div
        style={
          Object {
            "padding": "7px 4px",
          }
        }>
        Fields
      </div>
      <div
        style={
          Object {
            "padding": "7px 4px",
          }
        }>
        <div
          style={
            Object {
              "border": "dotted rgba(91, 192, 222, 0.7)",
              "borderRadius": 10,
              "display": "flex",
              "minHeight": "24px",
              "minWidth": "67px",
            }
          } />
      </div>
    </div>
    <div
      style={
        Object {
          "alignItems": "center",
          "display": "flex",
        }
      }>
      <div
        style={
          Object {
            "padding": "7px 4px",
          }
        }>
        Columns
      </div>
      <div
        style={
          Object {
            "padding": "7px 4px",
          }
        }>
        <div
          style={
            Object {
              "border": "dotted rgba(91, 192, 222, 0.7)",
              "borderRadius": 10,
              "display": "flex",
              "minHeight": "24px",
              "minWidth": "67px",
            }
          } />
      </div>
    </div>
    <div
      style={
        Object {
          "alignItems": "center",
          "display": "flex",
        }
      }>
      <div
        style={
          Object {
            "padding": "7px 4px",
          }
        }>
        Rows
      </div>
      <div
        style={
          Object {
            "padding": "7px 4px",
          }
        }>
        <div
          style={
            Object {
              "border": "dotted rgba(91, 192, 222, 0.7)",
              "borderRadius": 10,
              "display": "flex",
              "minHeight": "24px",
              "minWidth": "67px",
            }
          } />
      </div>
    </div>
  </div>
  <div
    style={
      Object {
        "alignItems": "center",
        "display": "flex",
      }
    }>
    <div
      style={
        Object {
          "padding": "7px 4px",
        }
      }>
      <div>
        Data
      </div>
    </div>
    <div
      style={
        Object {
          "padding": "7px 4px",
        }
      }>
      <div
        style={
          Object {
            "display": "flex",
          }
        } />
    </div>
  </div>
</div>
`;
